// Jest Snapshot v1, https://goo.gl/fbAQLP

exports[`Timeline Bullets Component should render correctly 1`] = `
<View
  backgroundShade="base"
  dir="column"
  display="flex"
  position="relative"
  spacing="md"
  style={
    Object {
      "display": "flex",
      "flexDirection": "column",
      "paddingBottom": 16,
      "paddingLeft": 16,
      "paddingRight": 16,
      "paddingTop": 16,
      "position": "relative",
      "width": "auto",
    }
  }
  testID="view"
  width="auto"
>
  <View
    backgroundShade="base"
    dir="row"
    display="flex"
    position="relative"
    style={
      Object {
        "display": "flex",
        "flexDirection": "row",
        "paddingBottom": 0,
        "paddingLeft": 0,
        "paddingRight": 0,
        "paddingTop": 0,
        "position": "relative",
        "width": "100%",
      }
    }
    testID="view"
  >
    <View
      alignment="center"
      backgroundShade="base"
      dir="column"
      display="flex"
      justifyContent="center"
      paddingRight={16}
      position="relative"
      style={
        Object {
          "alignItems": "center",
          "display": "flex",
          "flexDirection": "column",
          "justifyContent": "center",
          "paddingBottom": 0,
          "paddingLeft": 0,
          "paddingRight": 16,
          "paddingTop": 0,
          "position": "relative",
          "width": 12,
        }
      }
      testID="view"
      width={12}
    >
      <View
        backgroundShade="base"
        dir="column"
        display="flex"
        position="relative"
        style={
          Object {
            "backgroundColor": "#00000000",
            "display": "flex",
            "flexBasis": 0,
            "flexDirection": "column",
            "flexGrow": 1,
            "flexShrink": 1,
            "paddingBottom": 0,
            "paddingLeft": 0,
            "paddingRight": 0,
            "paddingTop": 0,
            "position": "relative",
            "width": 1,
          }
        }
        transparent={true}
      />
      <View
        backgroundShade="base"
        color="white"
        dir="column"
        display="flex"
        highlightColor="secondary"
        isActive={false}
        position="relative"
        size={8}
        style={
          Object {
            "backgroundColor": "#FFFFFF",
            "borderColor": "black",
            "borderRadius": 8,
            "borderStyle": "solid",
            "borderWidth": 1,
            "display": "flex",
            "flexDirection": "column",
            "height": 8,
            "paddingBottom": 0,
            "paddingLeft": 0,
            "paddingRight": 0,
            "paddingTop": 0,
            "position": "relative",
            "width": 8,
          }
        }
        testID="timeline-bullet"
      />
      <View
        backgroundShade="base"
        dir="column"
        display="flex"
        position="relative"
        style={
          Object {
            "backgroundColor": "#9A9A9A",
            "display": "flex",
            "flexBasis": 0,
            "flexDirection": "column",
            "flexGrow": 1,
            "flexShrink": 1,
            "paddingBottom": 0,
            "paddingLeft": 0,
            "paddingRight": 0,
            "paddingTop": 0,
            "position": "relative",
            "width": 1,
          }
        }
        transparent={false}
      />
    </View>
    <View
      backgroundShade="base"
      dir="column"
      display="flex"
      flex={1}
      justifyContent="center"
      position="relative"
      style={
        Object {
          "display": "flex",
          "flexBasis": 0,
          "flexDirection": "column",
          "flexGrow": 1,
          "flexShrink": 1,
          "justifyContent": "center",
          "paddingBottom": 0,
          "paddingLeft": 0,
          "paddingRight": 0,
          "paddingTop": 0,
          "position": "relative",
          "width": "100%",
        }
      }
      testID="view"
    >
      <View
        backgroundShade="base"
        dir="column"
        display="flex"
        position="relative"
        style={
          Object {
            "display": "flex",
            "flexDirection": "column",
            "paddingBottom": 0,
            "paddingLeft": 0,
            "paddingRight": 0,
            "paddingTop": 0,
            "position": "relative",
            "width": "100%",
          }
        }
        testID="view"
      >
        <Text
          accessibilityRole="text"
          style={
            Object {
              "color": "#000000",
              "fontFamily": "Raleway",
              "fontSize": 16,
              "fontWeight": "500",
              "lineHeight": 24,
            }
          }
          type="description"
        >
          Dot 1
        </Text>
      </View>
    </View>
  </View>
  <View
    backgroundShade="base"
    dir="row"
    display="flex"
    position="relative"
    style={
      Object {
        "display": "flex",
        "flexDirection": "row",
        "paddingBottom": 0,
        "paddingLeft": 0,
        "paddingRight": 0,
        "paddingTop": 0,
        "position": "relative",
        "width": "100%",
      }
    }
    testID="view"
  >
    <View
      alignment="center"
      backgroundShade="base"
      dir="column"
      display="flex"
      justifyContent="center"
      paddingRight={16}
      position="relative"
      style={
        Object {
          "alignItems": "center",
          "display": "flex",
          "flexDirection": "column",
          "justifyContent": "center",
          "paddingBottom": 0,
          "paddingLeft": 0,
          "paddingRight": 16,
          "paddingTop": 0,
          "position": "relative",
          "width": 12,
        }
      }
      testID="view"
      width={12}
    >
      <View
        backgroundShade="base"
        dir="column"
        display="flex"
        position="relative"
        style={
          Object {
            "backgroundColor": "#9A9A9A",
            "display": "flex",
            "flexBasis": 0,
            "flexDirection": "column",
            "flexGrow": 1,
            "flexShrink": 1,
            "paddingBottom": 0,
            "paddingLeft": 0,
            "paddingRight": 0,
            "paddingTop": 0,
            "position": "relative",
            "width": 1,
          }
        }
        transparent={false}
      />
      <View
        backgroundShade="base"
        color="white"
        dir="column"
        display="flex"
        highlightColor="secondary"
        isActive={true}
        position="relative"
        size={8}
        style={
          Object {
            "backgroundColor": "#7D38DB",
            "borderColor": "black",
            "borderRadius": 12,
            "borderStyle": "solid",
            "borderWidth": 1,
            "display": "flex",
            "flexDirection": "column",
            "height": 12,
            "paddingBottom": 0,
            "paddingLeft": 0,
            "paddingRight": 0,
            "paddingTop": 0,
            "position": "relative",
            "width": 12,
          }
        }
        testID="timeline-bullet"
      />
      <View
        backgroundShade="base"
        dir="column"
        display="flex"
        position="relative"
        style={
          Object {
            "backgroundColor": "#9A9A9A",
            "display": "flex",
            "flexBasis": 0,
            "flexDirection": "column",
            "flexGrow": 1,
            "flexShrink": 1,
            "paddingBottom": 0,
            "paddingLeft": 0,
            "paddingRight": 0,
            "paddingTop": 0,
            "position": "relative",
            "width": 1,
          }
        }
        transparent={false}
      />
    </View>
    <View
      backgroundShade="base"
      dir="column"
      display="flex"
      flex={1}
      justifyContent="center"
      position="relative"
      style={
        Object {
          "display": "flex",
          "flexBasis": 0,
          "flexDirection": "column",
          "flexGrow": 1,
          "flexShrink": 1,
          "justifyContent": "center",
          "paddingBottom": 0,
          "paddingLeft": 0,
          "paddingRight": 0,
          "paddingTop": 0,
          "position": "relative",
          "width": "100%",
        }
      }
      testID="view"
    >
      <View
        backgroundShade="base"
        dir="column"
        display="flex"
        position="relative"
        style={
          Object {
            "display": "flex",
            "flexDirection": "column",
            "paddingBottom": 0,
            "paddingLeft": 0,
            "paddingRight": 0,
            "paddingTop": 0,
            "position": "relative",
            "width": "100%",
          }
        }
        testID="view"
      >
        <Text
          accessibilityRole="text"
          style={
            Object {
              "color": "#000000",
              "fontFamily": "Raleway",
              "fontSize": 16,
              "fontWeight": "500",
              "lineHeight": 24,
            }
          }
          type="description"
        >
          Dot 2
        </Text>
      </View>
    </View>
  </View>
  <View
    backgroundShade="base"
    dir="row"
    display="flex"
    position="relative"
    style={
      Object {
        "display": "flex",
        "flexDirection": "row",
        "paddingBottom": 0,
        "paddingLeft": 0,
        "paddingRight": 0,
        "paddingTop": 0,
        "position": "relative",
        "width": "100%",
      }
    }
    testID="view"
  >
    <View
      alignment="center"
      backgroundShade="base"
      dir="column"
      display="flex"
      justifyContent="center"
      paddingRight={16}
      position="relative"
      style={
        Object {
          "alignItems": "center",
          "display": "flex",
          "flexDirection": "column",
          "justifyContent": "center",
          "paddingBottom": 0,
          "paddingLeft": 0,
          "paddingRight": 16,
          "paddingTop": 0,
          "position": "relative",
          "width": 12,
        }
      }
      testID="view"
      width={12}
    >
      <View
        backgroundShade="base"
        dir="column"
        display="flex"
        position="relative"
        style={
          Object {
            "backgroundColor": "#9A9A9A",
            "display": "flex",
            "flexBasis": 0,
            "flexDirection": "column",
            "flexGrow": 1,
            "flexShrink": 1,
            "paddingBottom": 0,
            "paddingLeft": 0,
            "paddingRight": 0,
            "paddingTop": 0,
            "position": "relative",
            "width": 1,
          }
        }
        transparent={false}
      />
      <View
        backgroundShade="base"
        color="white"
        dir="column"
        display="flex"
        highlightColor="secondary"
        isActive={false}
        position="relative"
        size={8}
        style={
          Object {
            "backgroundColor": "#FFFFFF",
            "borderColor": "black",
            "borderRadius": 8,
            "borderStyle": "solid",
            "borderWidth": 1,
            "display": "flex",
            "flexDirection": "column",
            "height": 8,
            "paddingBottom": 0,
            "paddingLeft": 0,
            "paddingRight": 0,
            "paddingTop": 0,
            "position": "relative",
            "width": 8,
          }
        }
        testID="timeline-bullet"
      />
      <View
        backgroundShade="base"
        dir="column"
        display="flex"
        position="relative"
        style={
          Object {
            "backgroundColor": "#00000000",
            "display": "flex",
            "flexBasis": 0,
            "flexDirection": "column",
            "flexGrow": 1,
            "flexShrink": 1,
            "paddingBottom": 0,
            "paddingLeft": 0,
            "paddingRight": 0,
            "paddingTop": 0,
            "position": "relative",
            "width": 1,
          }
        }
        transparent={true}
      />
    </View>
    <View
      backgroundShade="base"
      dir="column"
      display="flex"
      flex={1}
      justifyContent="center"
      position="relative"
      style={
        Object {
          "display": "flex",
          "flexBasis": 0,
          "flexDirection": "column",
          "flexGrow": 1,
          "flexShrink": 1,
          "justifyContent": "center",
          "paddingBottom": 0,
          "paddingLeft": 0,
          "paddingRight": 0,
          "paddingTop": 0,
          "position": "relative",
          "width": "100%",
        }
      }
      testID="view"
    >
      <View
        backgroundShade="base"
        dir="column"
        display="flex"
        position="relative"
        style={
          Object {
            "display": "flex",
            "flexDirection": "column",
            "paddingBottom": 0,
            "paddingLeft": 0,
            "paddingRight": 0,
            "paddingTop": 0,
            "position": "relative",
            "width": "100%",
          }
        }
        testID="view"
      >
        <Text
          accessibilityRole="text"
          style={
            Object {
              "color": "#000000",
              "fontFamily": "Raleway",
              "fontSize": 16,
              "fontWeight": "500",
              "lineHeight": 24,
            }
          }
          type="description"
        >
          Dot 3
        </Text>
      </View>
    </View>
  </View>
</View>
`;
