// Jest Snapshot v1, https://goo.gl/fbAQLP

exports[`Drawer Component should render correctly 1`] = `
<View
  backgroundShade="base"
  dir="column"
  display="flex"
  position="relative"
  style={
    Object {
      "alignItems": "flex-end",
      "backgroundColor": "rgba(0, 0, 0, 0.01)",
      "display": "flex",
      "flexDirection": "column",
      "height": "100%",
      "justifyContent": "flex-end",
      "left": 0,
      "paddingBottom": 0,
      "paddingLeft": 0,
      "paddingRight": 0,
      "paddingTop": 0,
      "position": "absolute",
      "top": 0,
      "transform": Array [
        Object {
          "translateY": 0,
        },
      ],
      "width": "100%",
    }
  }
>
  <View
    accessible={true}
    backgroundShade="base"
    dir="column"
    display="flex"
    focusable={true}
    onClick={[Function]}
    onResponderGrant={[Function]}
    onResponderMove={[Function]}
    onResponderRelease={[Function]}
    onResponderTerminate={[Function]}
    onResponderTerminationRequest={[Function]}
    onStartShouldSetResponder={[Function]}
    position="relative"
    style={
      Object {
        "backgroundColor": "#000000",
        "display": "flex",
        "flexDirection": "column",
        "height": "100%",
        "left": 0,
        "opacity": 0,
        "paddingBottom": 0,
        "paddingLeft": 0,
        "paddingRight": 0,
        "paddingTop": 0,
        "position": "absolute",
        "top": 0,
        "width": "100%",
      }
    }
  />
  <View
    backgroundColor="black"
    backgroundColorShade="light"
    backgroundShade="base"
    dir="column"
    display="flex"
    position="relative"
    style={
      Object {
        "backgroundColor": "#202020",
        "borderTopLeftRadius": 24,
        "borderTopRightRadius": 24,
        "display": "flex",
        "flexDirection": "column",
        "paddingBottom": 0,
        "paddingLeft": 0,
        "paddingRight": 0,
        "paddingTop": 0,
        "position": "relative",
        "top": "100%",
        "width": "100%",
      }
    }
  >
    <View
      backgroundColor="black"
      backgroundColorShade="light"
      backgroundShade="base"
      dir="column"
      display="flex"
      position="relative"
      style={
        Object {
          "backgroundColor": "#202020",
          "display": "flex",
          "flexDirection": "column",
          "height": 150,
          "left": 0,
          "paddingBottom": 0,
          "paddingLeft": 0,
          "paddingRight": 0,
          "paddingTop": 0,
          "position": "absolute",
          "top": "99%",
          "width": "100%",
        }
      }
    />
    <View
      backgroundShade="base"
      dir="column"
      display="flex"
      position="relative"
      spacing="lg"
      style={
        Object {
          "display": "flex",
          "flexDirection": "column",
          "paddingBottom": 24,
          "paddingLeft": 24,
          "paddingRight": 24,
          "paddingTop": 24,
          "position": "relative",
          "width": "100%",
        }
      }
      testID="view"
    >
      <View
        alignment="center"
        backgroundShade="base"
        dir="column"
        display="flex"
        justifyContent="center"
        paddingBottom={0}
        paddingTop={0}
        position="relative"
        spacing="lg"
        style={
          Object {
            "alignItems": "center",
            "display": "flex",
            "flexDirection": "column",
            "height": 30,
            "justifyContent": "center",
            "paddingBottom": 0,
            "paddingLeft": 24,
            "paddingRight": 24,
            "paddingTop": 0,
            "position": "relative",
            "width": "100%",
          }
        }
        testID="view"
      >
        <Text
          accessibilityRole="text"
          align="center"
          color="white"
          style={
            Object {
              "color": "#FFFFFF",
              "fontFamily": "Raleway",
              "fontSize": 16,
              "fontWeight": "700",
              "lineHeight": 24,
              "textAlign": "center",
            }
          }
          type="description"
          weight="bold"
        />
        <View
          backgroundShade="base"
          dir="column"
          display="flex"
          position="relative"
          style={
            Object {
              "alignItems": "center",
              "display": "flex",
              "flexDirection": "column",
              "height": 30,
              "justifyContent": "center",
              "paddingBottom": 0,
              "paddingLeft": 0,
              "paddingRight": 0,
              "paddingTop": 0,
              "position": "absolute",
              "right": 0,
              "top": 0,
              "width": 30,
            }
          }
        >
          <View
            backgroundShade="base"
            dir="row"
            display="flex"
            position="relative"
            style={
              Object {
                "display": "flex",
                "flexDirection": "row",
                "paddingBottom": 0,
                "paddingLeft": 0,
                "paddingRight": 0,
                "paddingTop": 0,
                "position": "relative",
                "width": "auto",
              }
            }
            testID="view"
            width="auto"
          >
            <View
              accessibilityRole="button"
              accessible={true}
              focusable={true}
              onClick={[Function]}
              onResponderGrant={[Function]}
              onResponderMove={[Function]}
              onResponderRelease={[Function]}
              onResponderTerminate={[Function]}
              onResponderTerminationRequest={[Function]}
              onStartShouldSetResponder={[Function]}
              style={
                Object {
                  "display": "flex",
                  "opacity": 1,
                  "position": "relative",
                  "width": "auto",
                }
              }
            >
              <View
                fluid={false}
                size="small"
                style={
                  Array [
                    Object {
                      "backgroundColor": "transparent",
                      "borderColor": "transparent",
                      "borderRadius": 8,
                      "borderWidth": 4,
                      "flexDirection": "column",
                      "overflow": "hidden",
                      "paddingBottom": 0,
                      "paddingLeft": 0,
                      "paddingRight": 0,
                      "paddingTop": 0,
                      "position": "relative",
                      "width": "auto",
                    },
                  ]
                }
                testID="button"
                type="flat"
              >
                <View
                  style={
                    Array [
                      Object {
                        "display": "flex",
                        "flexDirection": "row",
                        "opacity": 1,
                        "width": "auto",
                      },
                    ]
                  }
                  testID="button-label"
                >
                  <View
                    shape="none"
                    size={24}
                    style={
                      Array [
                        Object {
                          "alignItems": "center",
                          "display": "flex",
                          "height": 32,
                          "justifyContent": "center",
                          "width": 32,
                        },
                      ]
                    }
                  >
                    <Text
                      allowFontScaling={false}
                      style={
                        Array [
                          Object {
                            "color": "#FFFFFF",
                            "fontSize": 24,
                          },
                          undefined,
                          Object {
                            "fontFamily": "Material Icons",
                            "fontStyle": "normal",
                            "fontWeight": "normal",
                          },
                          Object {},
                        ]
                      }
                    >
                      Óóç
                    </Text>
                  </View>
                </View>
              </View>
            </View>
          </View>
        </View>
      </View>
      <View
        backgroundShade="base"
        dir="column"
        display="flex"
        paddingBottom={0}
        paddingLeft={0}
        paddingRight={0}
        position="relative"
        spacing="lg"
        style={
          Object {
            "display": "flex",
            "flexDirection": "column",
            "paddingBottom": 0,
            "paddingLeft": 0,
            "paddingRight": 0,
            "paddingTop": 24,
            "position": "relative",
            "width": "100%",
          }
        }
        testID="view"
      >
        <RCTScrollView
          style={
            Object {
              "maxHeight": undefined,
            }
          }
        >
          <View>
            <View
              backgroundShade="base"
              dir="column"
              display="flex"
              position="relative"
              style={
                Object {
                  "display": "flex",
                  "flexDirection": "column",
                  "paddingBottom": 0,
                  "paddingLeft": 0,
                  "paddingRight": 0,
                  "paddingTop": 0,
                  "position": "relative",
                  "width": "100%",
                }
              }
              testID="view"
            >
              <Text
                accessibilityRole="text"
                style={
                  Object {
                    "color": "#000000",
                    "fontFamily": "Raleway",
                    "fontSize": 16,
                    "fontWeight": "500",
                    "lineHeight": 24,
                  }
                }
                type="description"
              >
                Lorem Ipsum
              </Text>
            </View>
          </View>
        </RCTScrollView>
      </View>
    </View>
  </View>
</View>
`;
