// Jest Snapshot v1, https://goo.gl/fbAQLP

exports[`Timeline should render correctly 1`] = `
<View
  backgroundShade="base"
  dir="column"
  display="flex"
  position="relative"
  style={
    Object {
      "display": "flex",
      "flexDirection": "column",
      "paddingBottom": 0,
      "paddingLeft": 0,
      "paddingRight": 0,
      "paddingTop": 0,
      "position": "relative",
      "width": "100%",
    }
  }
  testID="view"
>
  <View
    style={
      Object {
        "overflow": "hidden",
      }
    }
  >
    <View
      backgroundShade="base"
      dir="column"
      display="flex"
      first={true}
      last={false}
      paddingTop={4}
      position="relative"
      style={
        Object {
          "display": "flex",
          "flexDirection": "column",
          "paddingBottom": 0,
          "paddingLeft": 0,
          "paddingRight": 0,
          "paddingTop": 4,
          "position": "relative",
          "width": "100%",
        }
      }
      testID="view"
    >
      <View
        backgroundShade="base"
        dir="column"
        display="flex"
        location="start"
        position="relative"
        style={
          Object {
            "backgroundColor": "#000000",
            "display": "flex",
            "flexDirection": "column",
            "height": "50%",
            "left": 13,
            "minHeight": 12,
            "paddingBottom": 0,
            "paddingLeft": 0,
            "paddingRight": 0,
            "paddingTop": 0,
            "position": "absolute",
            "top": 0,
            "width": 1,
            "zIndex": -1,
          }
        }
      />
      <View
        alignment="center"
        backgroundShade="base"
        dir="row"
        display="flex"
        paddingLeft={0}
        paddingRight={0}
        position="relative"
        spacing="sm"
        style={
          Object {
            "alignItems": "center",
            "display": "flex",
            "flexDirection": "row",
            "paddingBottom": 8,
            "paddingLeft": 0,
            "paddingRight": 0,
            "paddingTop": 8,
            "position": "relative",
            "width": "100%",
          }
        }
        testID="view"
      >
        <View
          backgroundShade="base"
          dir="column"
          display="flex"
          position="relative"
          style={
            Object {
              "display": "flex",
              "flexDirection": "column",
              "overflow": "hidden",
              "paddingBottom": 0,
              "paddingLeft": 0,
              "paddingRight": 0,
              "paddingTop": 0,
              "position": "relative",
              "width": "auto",
            }
          }
          testID="view"
          width="auto"
        >
          <View
            background="white"
            border="black"
            shape="round"
            size={20}
            style={
              Array [
                Object {
                  "alignItems": "center",
                  "backgroundColor": "#FFFFFF",
                  "borderColor": "#000000",
                  "borderRadius": 28,
                  "borderStyle": "solid",
                  "borderWidth": 1,
                  "display": "flex",
                  "height": 28,
                  "justifyContent": "center",
                  "width": 28,
                },
              ]
            }
          >
            <Text
              allowFontScaling={false}
              style={
                Array [
                  Object {
                    "color": "#000000",
                    "fontSize": 20,
                  },
                  undefined,
                  Object {
                    "fontFamily": "Material Icons",
                    "fontStyle": "normal",
                    "fontWeight": "normal",
                  },
                  Object {},
                ]
              }
            >
              
            </Text>
          </View>
        </View>
        <Text
          accessibilityRole="text"
          decoration="line-through"
          style={
            Object {
              "color": "#000000",
              "fontFamily": "Raleway",
              "fontSize": 16,
              "fontWeight": "400",
              "lineHeight": 24,
              "marginLeft": 8,
              "textDecorationLine": "line-through",
              "transform": Array [
                Object {
                  "translateY": -1,
                },
              ],
            }
          }
          type="description"
          weight="regular"
        >
          Lorem Ipsum Dolor
        </Text>
      </View>
      <View
        backgroundShade="base"
        dir="column"
        display="flex"
        location="end"
        position="relative"
        style={
          Object {
            "backgroundColor": "#000000",
            "bottom": 0,
            "display": "flex",
            "flexDirection": "column",
            "height": "50%",
            "left": 13,
            "minHeight": 12,
            "paddingBottom": 0,
            "paddingLeft": 0,
            "paddingRight": 0,
            "paddingTop": 0,
            "position": "absolute",
            "width": 1,
            "zIndex": -1,
          }
        }
      />
    </View>
    <View
      backgroundShade="base"
      dir="column"
      display="flex"
      first={false}
      last={false}
      position="relative"
      style={
        Object {
          "display": "flex",
          "flexDirection": "column",
          "paddingBottom": 0,
          "paddingLeft": 0,
          "paddingRight": 0,
          "paddingTop": 0,
          "position": "relative",
          "width": "100%",
        }
      }
      testID="view"
    >
      <View
        backgroundShade="base"
        dir="column"
        display="flex"
        location="start"
        position="relative"
        style={
          Object {
            "backgroundColor": "#000000",
            "display": "flex",
            "flexDirection": "column",
            "height": "50%",
            "left": 13,
            "minHeight": 12,
            "paddingBottom": 0,
            "paddingLeft": 0,
            "paddingRight": 0,
            "paddingTop": 0,
            "position": "absolute",
            "top": 0,
            "width": 1,
            "zIndex": -1,
          }
        }
      />
      <View
        alignment="center"
        backgroundShade="base"
        dir="row"
        display="flex"
        paddingLeft={0}
        paddingRight={0}
        position="relative"
        spacing="sm"
        style={
          Object {
            "alignItems": "center",
            "display": "flex",
            "flexDirection": "row",
            "paddingBottom": 8,
            "paddingLeft": 0,
            "paddingRight": 0,
            "paddingTop": 8,
            "position": "relative",
            "width": "100%",
          }
        }
        testID="view"
      >
        <View
          backgroundShade="base"
          dir="column"
          display="flex"
          position="relative"
          style={
            Object {
              "display": "flex",
              "flexDirection": "column",
              "overflow": "hidden",
              "paddingBottom": 0,
              "paddingLeft": 0,
              "paddingRight": 0,
              "paddingTop": 0,
              "position": "relative",
              "width": "auto",
            }
          }
          testID="view"
          width="auto"
        >
          <View
            background="white"
            border="black"
            shape="round"
            size={20}
            style={
              Array [
                Object {
                  "alignItems": "center",
                  "backgroundColor": "#FFFFFF",
                  "borderColor": "#000000",
                  "borderRadius": 28,
                  "borderStyle": "solid",
                  "borderWidth": 1,
                  "display": "flex",
                  "height": 28,
                  "justifyContent": "center",
                  "width": 28,
                },
              ]
            }
          >
            <Text
              allowFontScaling={false}
              style={
                Array [
                  Object {
                    "color": "#000000",
                    "fontSize": 20,
                  },
                  undefined,
                  Object {
                    "fontFamily": "Material Icons",
                    "fontStyle": "normal",
                    "fontWeight": "normal",
                  },
                  Object {},
                ]
              }
            >
              
            </Text>
          </View>
        </View>
        <Text
          accessibilityRole="text"
          decoration={null}
          style={
            Object {
              "color": "#000000",
              "fontFamily": "Raleway",
              "fontSize": 16,
              "fontWeight": "700",
              "lineHeight": 24,
              "marginLeft": 8,
              "transform": Array [
                Object {
                  "translateY": -1,
                },
              ],
            }
          }
          type="description"
          weight="bold"
        >
          Lorem Ipsum Dolor
        </Text>
      </View>
      <View
        backgroundShade="base"
        dir="column"
        display="flex"
        location="end"
        position="relative"
        style={
          Object {
            "backgroundColor": "#000000",
            "bottom": 0,
            "display": "flex",
            "flexDirection": "column",
            "height": "50%",
            "left": 13,
            "minHeight": 12,
            "paddingBottom": 0,
            "paddingLeft": 0,
            "paddingRight": 0,
            "paddingTop": 0,
            "position": "absolute",
            "width": 1,
            "zIndex": -1,
          }
        }
      />
    </View>
    <View
      backgroundShade="base"
      dir="column"
      display="flex"
      first={false}
      last={true}
      paddingBottom={4}
      position="relative"
      style={
        Object {
          "display": "flex",
          "flexDirection": "column",
          "paddingBottom": 4,
          "paddingLeft": 0,
          "paddingRight": 0,
          "paddingTop": 0,
          "position": "relative",
          "width": "100%",
        }
      }
      testID="view"
    >
      <View
        backgroundShade="base"
        dir="column"
        display="flex"
        location="start"
        position="relative"
        style={
          Object {
            "backgroundColor": "#000000",
            "display": "flex",
            "flexDirection": "column",
            "height": "50%",
            "left": 13,
            "minHeight": 12,
            "paddingBottom": 0,
            "paddingLeft": 0,
            "paddingRight": 0,
            "paddingTop": 0,
            "position": "absolute",
            "top": 0,
            "width": 1,
            "zIndex": -1,
          }
        }
      />
      <View
        alignment="center"
        backgroundShade="base"
        dir="row"
        display="flex"
        paddingLeft={0}
        paddingRight={0}
        position="relative"
        spacing="sm"
        style={
          Object {
            "alignItems": "center",
            "display": "flex",
            "flexDirection": "row",
            "paddingBottom": 8,
            "paddingLeft": 0,
            "paddingRight": 0,
            "paddingTop": 8,
            "position": "relative",
            "width": "100%",
          }
        }
        testID="view"
      >
        <View
          backgroundShade="base"
          dir="column"
          display="flex"
          position="relative"
          style={
            Object {
              "display": "flex",
              "flexDirection": "column",
              "overflow": "hidden",
              "paddingBottom": 0,
              "paddingLeft": 0,
              "paddingRight": 0,
              "paddingTop": 0,
              "position": "relative",
              "width": "auto",
            }
          }
          testID="view"
          width="auto"
        >
          <View
            background="white"
            border="black"
            shape="round"
            size={20}
            style={
              Array [
                Object {
                  "alignItems": "center",
                  "backgroundColor": "#FFFFFF",
                  "borderColor": "#000000",
                  "borderRadius": 28,
                  "borderStyle": "solid",
                  "borderWidth": 1,
                  "display": "flex",
                  "height": 28,
                  "justifyContent": "center",
                  "width": 28,
                },
              ]
            }
          >
            <Text
              allowFontScaling={false}
              style={
                Array [
                  Object {
                    "color": "#000000",
                    "fontSize": 20,
                  },
                  undefined,
                  Object {
                    "fontFamily": "Material Icons",
                    "fontStyle": "normal",
                    "fontWeight": "normal",
                  },
                  Object {},
                ]
              }
            >
              
            </Text>
          </View>
        </View>
        <Text
          accessibilityRole="text"
          decoration={null}
          style={
            Object {
              "color": "#000000",
              "fontFamily": "Raleway",
              "fontSize": 16,
              "fontWeight": "400",
              "lineHeight": 24,
              "marginLeft": 8,
              "transform": Array [
                Object {
                  "translateY": -1,
                },
              ],
            }
          }
          type="description"
          weight="regular"
        >
          Lorem Ipsum Dolor
        </Text>
      </View>
      <View
        backgroundShade="base"
        dir="column"
        display="flex"
        position="relative"
        style={
          Object {
            "bottom": 0,
            "display": "flex",
            "flexDirection": "column",
            "height": "30%",
            "justifyContent": "space-between",
            "left": 13,
            "minHeight": 12,
            "paddingBottom": 0,
            "paddingLeft": 0,
            "paddingRight": 0,
            "paddingTop": 0,
            "position": "absolute",
            "width": "100%",
            "zIndex": -1,
          }
        }
      >
        <View
          backgroundShade="base"
          dir="column"
          display="flex"
          position="relative"
          style={
            Object {
              "backgroundColor": "#000000",
              "display": "flex",
              "flexDirection": "column",
              "height": 3,
              "paddingBottom": 0,
              "paddingLeft": 0,
              "paddingRight": 0,
              "paddingTop": 0,
              "position": "relative",
              "width": 1,
            }
          }
        />
        <View
          backgroundShade="base"
          dir="column"
          display="flex"
          position="relative"
          style={
            Object {
              "backgroundColor": "#000000",
              "display": "flex",
              "flexDirection": "column",
              "height": 3,
              "paddingBottom": 0,
              "paddingLeft": 0,
              "paddingRight": 0,
              "paddingTop": 0,
              "position": "relative",
              "width": 1,
            }
          }
        />
        <View
          backgroundShade="base"
          dir="column"
          display="flex"
          position="relative"
          style={
            Object {
              "backgroundColor": "#000000",
              "display": "flex",
              "flexDirection": "column",
              "height": 3,
              "paddingBottom": 0,
              "paddingLeft": 0,
              "paddingRight": 0,
              "paddingTop": 0,
              "position": "relative",
              "width": 1,
            }
          }
        />
      </View>
    </View>
  </View>
</View>
`;
