// Jest Snapshot v1, https://goo.gl/fbAQLP

exports[`progress bar component should render correctly 1`] = `
<View
  backgroundShade="base"
  dir="row"
  display="flex"
  position="relative"
  style={
    Object {
      "display": "flex",
      "flexDirection": "row",
      "paddingBottom": 0,
      "paddingLeft": 0,
      "paddingRight": 0,
      "paddingTop": 0,
      "position": "relative",
      "width": "100%",
    }
  }
  testID="view"
>
  <View
    alignment="center"
    backgroundShade="base"
    dir="row"
    display="flex"
    justifyContent="center"
    position="relative"
    style={
      Object {
        "alignItems": "center",
        "display": "flex",
        "flexDirection": "row",
        "justifyContent": "center",
        "paddingBottom": 0,
        "paddingLeft": 0,
        "paddingRight": 0,
        "paddingTop": 0,
        "position": "relative",
        "width": "100%",
      }
    }
    testID="view"
  >
    <View
      backgroundShade="base"
      dir="column"
      display="flex"
      paddingBottom={0}
      paddingLeft={0}
      paddingTop={0}
      position="relative"
      spacing="sm"
      style={
        Object {
          "display": "flex",
          "flexDirection": "column",
          "paddingBottom": 0,
          "paddingLeft": 0,
          "paddingRight": 8,
          "paddingTop": 0,
          "position": "relative",
          "width": "auto",
        }
      }
      testID="view"
      width="auto"
    >
      <Text
        accessibilityRole="text"
        style={
          Object {
            "color": "#000000",
            "fontFamily": "Raleway",
            "fontSize": 16,
            "fontWeight": "700",
            "lineHeight": 24,
          }
        }
        type="description"
        weight="bold"
      >
        0
        %
      </Text>
    </View>
    <View
      backgroundShade="base"
      dir="column"
      display="flex"
      position="relative"
      style={
        Object {
          "display": "flex",
          "flexBasis": 0,
          "flexDirection": "column",
          "flexGrow": 1,
          "flexShrink": 1,
          "paddingBottom": 0,
          "paddingLeft": 0,
          "paddingRight": 0,
          "paddingTop": 0,
          "position": "relative",
          "width": "100%",
        }
      }
    >
      <View
        background="secondary"
        backgroundOpacity={0.5}
        backgroundShade="base"
        dir="column"
        display="flex"
        position="relative"
        style={
          Object {
            "backgroundColor": "#7D38DB",
            "borderRadius": 8,
            "display": "flex",
            "flexDirection": "column",
            "height": 6,
            "opacity": 0.5,
            "paddingBottom": 0,
            "paddingLeft": 0,
            "paddingRight": 0,
            "paddingTop": 0,
            "position": "relative",
            "width": "100%",
          }
        }
      />
      <View
        backgroundShade="base"
        dir="column"
        display="flex"
        position="relative"
        progressBackground="white"
        style={
          Object {
            "backgroundColor": "#FFFFFF",
            "borderColor": "#000",
            "borderRadius": 8,
            "borderWidth": 0,
            "display": "flex",
            "flexDirection": "column",
            "height": 10,
            "left": 0,
            "paddingBottom": 0,
            "paddingLeft": 0,
            "paddingRight": 0,
            "paddingTop": 0,
            "position": "absolute",
            "top": -2,
            "width": "0%",
          }
        }
        value={0}
      />
    </View>
  </View>
</View>
`;
