// Jest Snapshot v1, https://goo.gl/fbAQLP

exports[`Flat Checkbox component should render correctly and match snapshot 1`] = `
<View
  accessibilityRole="checkbox"
  accessible={true}
  focusable={true}
  onClick={[Function]}
  onResponderGrant={[Function]}
  onResponderMove={[Function]}
  onResponderRelease={[Function]}
  onResponderTerminate={[Function]}
  onResponderTerminationRequest={[Function]}
  onStartShouldSetResponder={[Function]}
  style={
    Object {
      "opacity": 1,
    }
  }
  testID="flat-checkbox-comp"
>
  <View
    alignment="center"
    backgroundShade="base"
    dir="row"
    disabled={false}
    display="flex"
    position="relative"
    style={
      Object {
        "alignItems": "center",
        "display": "flex",
        "flexDirection": "row",
        "paddingBottom": 0,
        "paddingLeft": 0,
        "paddingRight": 0,
        "paddingTop": 0,
        "position": "relative",
        "width": "100%",
      }
    }
  >
    <View
      background="black"
      backgroundShade="base"
      checked={false}
      color="white"
      dir="column"
      display="flex"
      position="relative"
      radius={4}
      style={
        Object {
          "backgroundColor": "transparent",
          "borderRadius": 4,
          "display": "flex",
          "flexDirection": "column",
          "paddingBottom": 0,
          "paddingLeft": 0,
          "paddingRight": 0,
          "paddingTop": 0,
          "position": "relative",
          "width": "auto",
        }
      }
      testID="flat-checkbox-enabled-wrapper"
    >
      <View
        backgroundShade="base"
        color="black"
        dir="column"
        display="flex"
        position="relative"
        radius={4}
        size={24}
        style={
          Object {
            "borderColor": "#000000",
            "borderRadius": 4,
            "borderWidth": 2,
            "display": "flex",
            "flexDirection": "column",
            "height": 24,
            "paddingBottom": 0,
            "paddingLeft": 0,
            "paddingRight": 0,
            "paddingTop": 0,
            "position": "relative",
            "width": 24,
          }
        }
        testID="flat-checkbox-unchecked-comp"
        thickness={2}
      />
    </View>
    <View
      backgroundShade="base"
      dir="column"
      disabled={false}
      display="flex"
      position="relative"
      style={
        Object {
          "display": "flex",
          "flexDirection": "column",
          "marginLeft": 8,
          "opacity": 1,
          "paddingBottom": 0,
          "paddingLeft": 0,
          "paddingRight": 0,
          "paddingTop": 0,
          "position": "relative",
          "transform": Array [
            Object {
              "translateY": -2,
            },
          ],
          "width": "100%",
        }
      }
      testID="flat-checkbox-children-wrapper"
      textSpacing="sm"
    >
      <Text
        accessibilityRole="text"
        style={
          Object {
            "color": "#000000",
            "fontFamily": "Raleway",
            "fontSize": 16,
            "fontWeight": "500",
            "lineHeight": 24,
          }
        }
        type="description"
      >
        Lorem Ipsum
      </Text>
    </View>
  </View>
</View>
`;
