// Jest Snapshot v1, https://goo.gl/fbAQLP

exports[`Checkbox component should render correctly 1`] = `
<View
  accessibilityRole="checkbox"
  backgroundShade="base"
  dir="column"
  display="flex"
  position="relative"
  style={
    Object {
      "display": "flex",
      "flexDirection": "column",
      "paddingBottom": 0,
      "paddingLeft": 0,
      "paddingRight": 0,
      "paddingTop": 0,
      "position": "relative",
      "width": "100%",
    }
  }
  width="100%"
>
  <View
    accessible={true}
    backgroundShade="base"
    dir="column"
    display="flex"
    focusable={true}
    onClick={[Function]}
    onResponderGrant={[Function]}
    onResponderMove={[Function]}
    onResponderRelease={[Function]}
    onResponderTerminate={[Function]}
    onResponderTerminationRequest={[Function]}
    onStartShouldSetResponder={[Function]}
    position="relative"
    style={
      Object {
        "display": "flex",
        "flexDirection": "row",
        "minHeight": 56,
        "paddingBottom": 0,
        "paddingLeft": 0,
        "paddingRight": 0,
        "paddingTop": 0,
        "position": "relative",
        "width": "auto",
      }
    }
    testID="checkbox"
    width="100%"
  >
    <View
      backgroundShade="base"
      dir="column"
      display="flex"
      position="relative"
      style={
        Object {
          "backgroundColor": "#000000",
          "borderRadius": 8,
          "display": "flex",
          "flexDirection": "column",
          "height": "100%",
          "left": 0,
          "paddingBottom": 0,
          "paddingLeft": 0,
          "paddingRight": 0,
          "paddingTop": 0,
          "position": "absolute",
          "top": 0,
          "width": "100%",
        }
      }
    />
    <View
      backgroundShade="base"
      dir="column"
      display="flex"
      position="relative"
      spacing="md"
      style={
        Object {
          "alignItems": "center",
          "backgroundColor": "rgba(255, 255, 255, 1)",
          "borderColor": "rgba(0, 0, 0, 1)",
          "borderRadius": 8,
          "borderStyle": "solid",
          "borderWidth": 1,
          "display": "flex",
          "flexDirection": "row",
          "paddingBottom": 8,
          "paddingLeft": 16,
          "paddingRight": 16,
          "paddingTop": 8,
          "position": "relative",
          "transform": Array [
            Object {
              "translateX": 0,
            },
            Object {
              "translateY": 0,
            },
          ],
          "width": "100%",
        }
      }
      width="100%"
    >
      <View
        backgroundShade="base"
        dir="column"
        display="flex"
        position="relative"
        style={
          Object {
            "display": "flex",
            "flexDirection": "column",
            "paddingBottom": 0,
            "paddingLeft": 0,
            "paddingRight": 0,
            "paddingTop": 0,
            "position": "relative",
            "width": "auto",
          }
        }
      >
        <View
          backgroundShade="base"
          dir="column"
          display="flex"
          position="relative"
          style={
            Object {
              "alignItems": "center",
              "backgroundColor": "#FFFFFF",
              "borderColor": "#000000",
              "borderRadius": 12,
              "borderStyle": "solid",
              "borderWidth": 1,
              "display": "flex",
              "flexDirection": "column",
              "height": 24,
              "justifyContent": "center",
              "opacity": 1,
              "paddingBottom": 0,
              "paddingLeft": 0,
              "paddingRight": 0,
              "paddingTop": 0,
              "position": "relative",
              "width": 24,
            }
          }
          testID="checked-icon"
        />
      </View>
      <View
        backgroundShade="base"
        dir="column"
        display="flex"
        paddingBottom={0}
        paddingRight={0}
        paddingTop={0}
        position="relative"
        spacing="md"
        style={
          Object {
            "alignItems": "flex-start",
            "display": "flex",
            "flexDirection": "column",
            "justifyContent": "center",
            "opacity": 1,
            "paddingBottom": 0,
            "paddingLeft": 16,
            "paddingRight": 0,
            "paddingTop": 0,
            "position": "relative",
            "transform": Array [
              Object {
                "translateY": -2,
              },
            ],
            "width": "auto",
          }
        }
        width="auto"
      >
        <Text
          accessibilityRole="text"
          style={
            Object {
              "color": "rgba(0, 0, 0, 1)",
              "fontFamily": "Raleway",
              "fontSize": 16,
              "fontWeight": "500",
              "lineHeight": 24,
            }
          }
          type="description"
          weight="medium"
        >
          Lorem ipsum
        </Text>
      </View>
    </View>
  </View>
</View>
`;
